// Jest Snapshot v1, https://goo.gl/fbAQLP

exports[`Admin component component mounted should render correct 1`] = `
<MemoryRouter
  initialEntries={
    Array [
      Object {
        "key": "testKey",
      },
    ]
  }
>
  <Router
    history={
      Object {
        "action": "POP",
        "block": [Function],
        "canGo": [Function],
        "createHref": [Function],
        "entries": Array [
          Object {
            "hash": "",
            "key": "testKey",
            "pathname": "/",
            "search": "",
          },
        ],
        "go": [Function],
        "goBack": [Function],
        "goForward": [Function],
        "index": 0,
        "length": 1,
        "listen": [Function],
        "location": Object {
          "hash": "",
          "key": "testKey",
          "pathname": "/",
          "search": "",
        },
        "push": [Function],
        "replace": [Function],
      }
    }
  >
    <Admin
      deleteData={[MockFunction]}
      downloadFile={[MockFunction]}
      getData={
        [MockFunction] {
          "calls": Array [
            Array [
              "settings",
            ],
            Array [
              "tests",
            ],
            Array [
              "questions",
            ],
          ],
          "results": Array [
            Object {
              "isThrow": false,
              "value": Promise {},
            },
            Object {
              "isThrow": false,
              "value": Promise {},
            },
            Object {
              "isThrow": false,
              "value": Promise {},
            },
          ],
        }
      }
      handleFormData={Object {}}
      postData={[MockFunction]}
      postFile={[MockFunction]}
    >
      <div
        className="container"
      >
        <div
          className="newTest"
        >
          <div
            className="menuItem"
          >
            <Link
              className="menuButton"
              replace={false}
              to="/create/test"
            >
              <a
                className="menuButton"
                href="/create/test"
                onClick={[Function]}
              >
                Создать новый тест
              </a>
            </Link>
            <Link
              className="menuButton"
              replace={false}
              to="/create/question"
            >
              <a
                className="menuButton"
                href="/create/question"
                onClick={[Function]}
              >
                Создать новый вопрос
              </a>
            </Link>
          </div>
          <div
            className="dbControls"
          >
            <button
              className="menuButton small saveDb"
              disabled={false}
              onClick={[Function]}
            >
              Сохранить базу
            </button>
            <form
              className="loadDb"
              onSubmit={[Function]}
            >
              <label>
                 Выберите JSON файл с вопросами  
                <input
                  accept=".json"
                  name="questions"
                  required={true}
                  type="file"
                />
              </label>
              <br />
              <label>
                 Выберите JSON файл с тестами  
                <input
                  accept=".json"
                  name="tests"
                  required={true}
                  type="file"
                />
              </label>
              <br />
              <input
                disabled={false}
                type="submit"
                value="Восстановить базу"
              />
            </form>
          </div>
        </div>
        <h2>
          Настройки
        </h2>
        <div
          className="formArea"
        >
          <form
            onSubmit={[Function]}
          >
            <div>
              <input
                disabled={false}
                type="submit"
                value="Сохранить"
              />
            </div>
          </form>
        </div>
        <div />
        <div
          className="oldTest"
        >
          <h2>
            Тесты
          </h2>
          <ul />
        </div>
        <div
          className="oldQuestions"
        >
          <h2>
            Вопросы
          </h2>
          <ul />
        </div>
      </div>
    </Admin>
  </Router>
</MemoryRouter>
`;
