// Jest Snapshot v1, https://goo.gl/fbAQLP

exports[`CreateTest component should render correct 1`] = `
<CreateTest
  postData={[MockFunction]}
>
  <div
    className="container"
  >
    <div
      className="formArea"
    >
      <form
        onSubmit={[Function]}
      >
        <div>
          <span>
            <label>
              Номер теста:  
              <input
                id="name"
                min="1"
                onChange={[Function]}
                type="number"
              />
            </label>
          </span>
          <span>
            <input
              disabled={false}
              type="submit"
              value="Создать"
            />
          </span>
        </div>
      </form>
    </div>
  </div>
</CreateTest>
`;
